[3;J[H[2J      SCRIPT 1        
-------------------------------------
10.1.35.151
-------------------------------------

SQL*Plus: Release 18.0.0.0.0 - Production on Tue Nov 19 15:52:54 2019
Version 18.3.0.0.0

Copyright (c) 1982, 2018, Oracle.  All rights reserved.


Connected to:
Oracle Database 18c Enterprise Edition Release 18.0.0.0.0 - Production
Version 18.3.0.0.0

SQL> SQL> drop table PRUEBAS
           *
ERROR at line 1:
ORA-00942: table or view does not exist


SQL> 
Table created.

SQL>   2    3    4    5    6    7  
PL/SQL procedure successfully completed.

SQL> 
Commit complete.

SQL> 
    NUMERO
----------
NOMBRE
--------------------------------------------------------------------------------
	 1
YYOFz

	 2
qGzhJ

	 3
vPdWH


    NUMERO
----------
NOMBRE
--------------------------------------------------------------------------------
	 4
tJXlq

	 5
HHWcx

	 6
oIAXL


    NUMERO
----------
NOMBRE
--------------------------------------------------------------------------------
	 7
UfkWL

	 8
Cdkna

	 9
dLPAZ


    NUMERO
----------
NOMBRE
--------------------------------------------------------------------------------
	10
GXQQg


10 rows selected.

SQL> SQL> ---------------

SQL> USER is "BLOQUEADO"
SQL> ---------------

SQL> +++++++++++++++

SQL> |||||||||||||||

SQL> |||||||||||||||

SQL> vvvvvvvvvvvvvvv

SQL> 
SQL> SQL> SQL> Disconnected from Oracle Database 18c Enterprise Edition Release 18.0.0.0.0 - Production
Version 18.3.0.0.0
[3;J[H[2J-------------------------------------
          SCRIPT 1.0 TERMINADO         
-------------------------------------



[3;J[H[2J      SCRIPT 2        
-------------------------------------
10.1.35.151
-------------------------------------

SQL*Plus: Release 18.0.0.0.0 - Production on Tue Nov 19 15:53:01 2019
Version 18.3.0.0.0

Copyright (c) 1982, 2018, Oracle.  All rights reserved.


Connected to:
Oracle Database 18c Enterprise Edition Release 18.0.0.0.0 - Production
Version 18.3.0.0.0

SQL> ---------------

SQL> USER is "BLOQUEANTE"
SQL> ---------------

SQL> +++++++++++++++

SQL> |||||||||||||||

SQL> |||||||||||||||

SQL> vvvvvvvvvvvvvvv

SQL> 
SQL> SQL> Disconnected from Oracle Database 18c Enterprise Edition Release 18.0.0.0.0 - Production
Version 18.3.0.0.0
[3;J[H[2J-------------------------------------
          SCRIPT 2 TERMINADO         
-------------------------------------


VER FICHERO LECTURA-NO-REPETIBLE.lst
